[0.007s] Invoking command in '/home/nilum-sachithya/ros2_ws/build/newp': CMAKE_PREFIX_PATH=${CMAKE_PREFIX_PATH}:/opt/ros/jazzy DEBUGINFOD_URLS=https://debuginfod.ubuntu.com /usr/bin/cmake /home/nilum-sachithya/ros2_ws/src/newp -DCMAKE_INSTALL_PREFIX=/home/nilum-sachithya/ros2_ws/install/newp
[0.015s] -- Found ament_cmake: 2.5.4 (/opt/ros/jazzy/share/ament_cmake/cmake)
[0.148s] -- Found rclcpp: 28.1.13 (/opt/ros/jazzy/share/rclcpp/cmake)
[0.172s] -- Found rosidl_generator_c: 4.6.6 (/opt/ros/jazzy/share/rosidl_generator_c/cmake)
[0.180s] -- Found rosidl_generator_cpp: 4.6.6 (/opt/ros/jazzy/share/rosidl_generator_cpp/cmake)
[0.191s] -- Using all available rosidl_typesupport_c: rosidl_typesupport_fastrtps_c;rosidl_typesupport_introspection_c
[0.202s] -- Using all available rosidl_typesupport_cpp: rosidl_typesupport_fastrtps_cpp;rosidl_typesupport_introspection_cpp
[0.251s] -- Found rmw_implementation_cmake: 7.3.2 (/opt/ros/jazzy/share/rmw_implementation_cmake/cmake)
[0.253s] -- Found rmw_fastrtps_cpp: 8.4.3 (/opt/ros/jazzy/share/rmw_fastrtps_cpp/cmake)
[0.298s] -- Found OpenSSL: /usr/lib/x86_64-linux-gnu/libcrypto.so (found version "3.0.13")  
[0.310s] -- Found FastRTPS: /opt/ros/jazzy/include (Required is at least version "2.13") 
[0.324s] -- Using RMW implementation 'rmw_fastrtps_cpp' as default
[0.371s] -- Found std_msgs: 5.3.6 (/opt/ros/jazzy/share/std_msgs/cmake)
[0.435s] [31mCMake Error at /opt/ros/jazzy/share/ament_cmake_core/cmake/core/ament_package_xml.cmake:53 (message):
[0.435s]   ament_package_xml() package name 'newp' in '/package.xml' does not match
[0.435s]   current PROJECT_NAME 'cpp_pubsub'.  You must call project() with the same
[0.436s]   package name before.
[0.436s] Call Stack (most recent call first):
[0.436s]   /opt/ros/jazzy/share/ament_cmake_core/cmake/core/ament_package.cmake:63 (ament_package_xml)
[0.436s]   CMakeLists.txt:31 (ament_package)
[0.436s] 
[0.436s] [0m
[0.436s] -- Configuring incomplete, errors occurred!
[0.441s] Invoked command in '/home/nilum-sachithya/ros2_ws/build/newp' returned '1': CMAKE_PREFIX_PATH=${CMAKE_PREFIX_PATH}:/opt/ros/jazzy DEBUGINFOD_URLS=https://debuginfod.ubuntu.com /usr/bin/cmake /home/nilum-sachithya/ros2_ws/src/newp -DCMAKE_INSTALL_PREFIX=/home/nilum-sachithya/ros2_ws/install/newp
