[0.011s] Invoking command in '/home/nilum-sachithya/ros2_ws/build/mypkg': CMAKE_PREFIX_PATH=${CMAKE_PREFIX_PATH}:/opt/ros/jazzy DEBUGINFOD_URLS=https://debuginfod.ubuntu.com /usr/bin/cmake /home/nilum-sachithya/ros2_ws/src/mypkg -DCMAKE_INSTALL_PREFIX=/home/nilum-sachithya/ros2_ws/install/mypkg
[0.028s] -- Found ament_cmake: 2.5.4 (/opt/ros/jazzy/share/ament_cmake/cmake)
[0.323s] -- Found rclcpp: 28.1.13 (/opt/ros/jazzy/share/rclcpp/cmake)
[0.358s] -- Found rosidl_generator_c: 4.6.6 (/opt/ros/jazzy/share/rosidl_generator_c/cmake)
[0.369s] -- Found rosidl_generator_cpp: 4.6.6 (/opt/ros/jazzy/share/rosidl_generator_cpp/cmake)
[0.384s] -- Using all available rosidl_typesupport_c: rosidl_typesupport_fastrtps_c;rosidl_typesupport_introspection_c
[0.402s] -- Using all available rosidl_typesupport_cpp: rosidl_typesupport_fastrtps_cpp;rosidl_typesupport_introspection_cpp
[0.486s] -- Found rmw_implementation_cmake: 7.3.2 (/opt/ros/jazzy/share/rmw_implementation_cmake/cmake)
[0.488s] -- Found rmw_fastrtps_cpp: 8.4.3 (/opt/ros/jazzy/share/rmw_fastrtps_cpp/cmake)
[0.574s] -- Using RMW implementation 'rmw_fastrtps_cpp' as default
[0.662s] -- Found std_msgs: 5.3.6 (/opt/ros/jazzy/share/std_msgs/cmake)
[0.800s] -- Configuring done (0.8s)
[0.816s] -- Generating done (0.0s)
[0.821s] -- Build files have been written to: /home/nilum-sachithya/ros2_ws/build/mypkg
[0.831s] Invoked command in '/home/nilum-sachithya/ros2_ws/build/mypkg' returned '0': CMAKE_PREFIX_PATH=${CMAKE_PREFIX_PATH}:/opt/ros/jazzy DEBUGINFOD_URLS=https://debuginfod.ubuntu.com /usr/bin/cmake /home/nilum-sachithya/ros2_ws/src/mypkg -DCMAKE_INSTALL_PREFIX=/home/nilum-sachithya/ros2_ws/install/mypkg
[0.833s] Invoking command in '/home/nilum-sachithya/ros2_ws/build/mypkg': CMAKE_PREFIX_PATH=${CMAKE_PREFIX_PATH}:/opt/ros/jazzy DEBUGINFOD_URLS=https://debuginfod.ubuntu.com /usr/bin/cmake --build /home/nilum-sachithya/ros2_ws/build/mypkg -- -j16 -l16
[0.890s] [ 25%] [32mBuilding CXX object CMakeFiles/talker.dir/src/publisher_lambda_function.cpp.o[0m
[0.890s] [ 50%] [32mBuilding CXX object CMakeFiles/listener.dir/src/subscriber_lambda_function.cpp.o[0m
[3.890s] [ 75%] [32m[1mLinking CXX executable talker[0m
[4.008s] [ 75%] Built target talker
[5.846s] [100%] [32m[1mLinking CXX executable listener[0m
[5.994s] [100%] Built target listener
[6.001s] Invoked command in '/home/nilum-sachithya/ros2_ws/build/mypkg' returned '0': CMAKE_PREFIX_PATH=${CMAKE_PREFIX_PATH}:/opt/ros/jazzy DEBUGINFOD_URLS=https://debuginfod.ubuntu.com /usr/bin/cmake --build /home/nilum-sachithya/ros2_ws/build/mypkg -- -j16 -l16
[6.007s] Invoking command in '/home/nilum-sachithya/ros2_ws/build/mypkg': CMAKE_PREFIX_PATH=${CMAKE_PREFIX_PATH}:/opt/ros/jazzy DEBUGINFOD_URLS=https://debuginfod.ubuntu.com /usr/bin/cmake --install /home/nilum-sachithya/ros2_ws/build/mypkg
[6.011s] -- Install configuration: ""
[6.011s] -- Installing: /home/nilum-sachithya/ros2_ws/install/mypkg/lib/mypkg/talker
[6.011s] -- Set non-toolchain portion of runtime path of "/home/nilum-sachithya/ros2_ws/install/mypkg/lib/mypkg/talker" to ""
[6.011s] -- Installing: /home/nilum-sachithya/ros2_ws/install/mypkg/lib/mypkg/listener
[6.013s] -- Set non-toolchain portion of runtime path of "/home/nilum-sachithya/ros2_ws/install/mypkg/lib/mypkg/listener" to ""
[6.014s] -- Installing: /home/nilum-sachithya/ros2_ws/install/mypkg/share/ament_index/resource_index/package_run_dependencies/mypkg
[6.014s] -- Installing: /home/nilum-sachithya/ros2_ws/install/mypkg/share/ament_index/resource_index/parent_prefix_path/mypkg
[6.014s] -- Installing: /home/nilum-sachithya/ros2_ws/install/mypkg/share/mypkg/environment/ament_prefix_path.sh
[6.014s] -- Installing: /home/nilum-sachithya/ros2_ws/install/mypkg/share/mypkg/environment/ament_prefix_path.dsv
[6.014s] -- Installing: /home/nilum-sachithya/ros2_ws/install/mypkg/share/mypkg/environment/path.sh
[6.014s] -- Installing: /home/nilum-sachithya/ros2_ws/install/mypkg/share/mypkg/environment/path.dsv
[6.014s] -- Installing: /home/nilum-sachithya/ros2_ws/install/mypkg/share/mypkg/local_setup.bash
[6.014s] -- Installing: /home/nilum-sachithya/ros2_ws/install/mypkg/share/mypkg/local_setup.sh
[6.014s] -- Installing: /home/nilum-sachithya/ros2_ws/install/mypkg/share/mypkg/local_setup.zsh
[6.014s] -- Installing: /home/nilum-sachithya/ros2_ws/install/mypkg/share/mypkg/local_setup.dsv
[6.014s] -- Installing: /home/nilum-sachithya/ros2_ws/install/mypkg/share/mypkg/package.dsv
[6.014s] -- Installing: /home/nilum-sachithya/ros2_ws/install/mypkg/share/ament_index/resource_index/packages/mypkg
[6.014s] -- Installing: /home/nilum-sachithya/ros2_ws/install/mypkg/share/mypkg/cmake/mypkgConfig.cmake
[6.014s] -- Installing: /home/nilum-sachithya/ros2_ws/install/mypkg/share/mypkg/cmake/mypkgConfig-version.cmake
[6.014s] -- Installing: /home/nilum-sachithya/ros2_ws/install/mypkg/share/mypkg/package.xml
[6.015s] Invoked command in '/home/nilum-sachithya/ros2_ws/build/mypkg' returned '0': CMAKE_PREFIX_PATH=${CMAKE_PREFIX_PATH}:/opt/ros/jazzy DEBUGINFOD_URLS=https://debuginfod.ubuntu.com /usr/bin/cmake --install /home/nilum-sachithya/ros2_ws/build/mypkg
