[0.015s] Invoking command in '/home/nilum-sachithya/ros2_ws/build/turtlesim': CMAKE_PREFIX_PATH=${CMAKE_PREFIX_PATH}:/opt/ros/jazzy DEBUGINFOD_URLS=https://debuginfod.ubuntu.com /usr/bin/cmake /home/nilum-sachithya/ros2_ws/ros_tutorials/turtlesim -DCMAKE_INSTALL_PREFIX=/home/nilum-sachithya/ros2_ws/install/turtlesim
[0.033s] -- Found ament_cmake: 2.5.4 (/opt/ros/jazzy/share/ament_cmake/cmake)
[0.071s] -- Found Python3: /usr/bin/python3 (found version "3.12.3") found components: Interpreter 
[0.184s] -- Override CMake install command with custom implementation using symlinks instead of copying resources
[0.205s] -- Found ament_index_cpp: 1.8.1 (/opt/ros/jazzy/share/ament_index_cpp/cmake)
[0.207s] -- Found geometry_msgs: 5.3.6 (/opt/ros/jazzy/share/geometry_msgs/cmake)
[0.258s] -- Found rosidl_generator_c: 4.6.6 (/opt/ros/jazzy/share/rosidl_generator_c/cmake)
[0.273s] -- Found rosidl_generator_cpp: 4.6.6 (/opt/ros/jazzy/share/rosidl_generator_cpp/cmake)
[0.291s] -- Using all available rosidl_typesupport_c: rosidl_typesupport_fastrtps_c;rosidl_typesupport_introspection_c
[0.313s] -- Using all available rosidl_typesupport_cpp: rosidl_typesupport_fastrtps_cpp;rosidl_typesupport_introspection_cpp
[0.401s] -- Found rcl_interfaces: 2.0.3 (/opt/ros/jazzy/share/rcl_interfaces/cmake)
[0.456s] -- Found rclcpp: 28.1.13 (/opt/ros/jazzy/share/rclcpp/cmake)
[0.488s] -- Found rmw_implementation_cmake: 7.3.2 (/opt/ros/jazzy/share/rmw_implementation_cmake/cmake)
[0.492s] -- Found rmw_fastrtps_cpp: 8.4.3 (/opt/ros/jazzy/share/rmw_fastrtps_cpp/cmake)
[0.597s] -- Using RMW implementation 'rmw_fastrtps_cpp' as default
[0.691s] -- Found rclcpp_action: 28.1.13 (/opt/ros/jazzy/share/rclcpp_action/cmake)
[0.752s] -- Found rosidl_default_generators: 1.6.0 (/opt/ros/jazzy/share/rosidl_default_generators/cmake)
[0.766s] -- Found rosidl_adapter: 4.6.6 (/opt/ros/jazzy/share/rosidl_adapter/cmake)
[0.770s] -- Found std_srvs: 5.3.6 (/opt/ros/jazzy/share/std_srvs/cmake)
[1.193s] -- Found ament_cmake_ros: 0.12.0 (/opt/ros/jazzy/share/ament_cmake_ros/cmake)
[1.425s] -- Using all available rosidl_typesupport_c: rosidl_typesupport_fastrtps_c;rosidl_typesupport_introspection_c
[1.517s] -- Using all available rosidl_typesupport_cpp: rosidl_typesupport_fastrtps_cpp;rosidl_typesupport_introspection_cpp
[1.520s] -- Found python_cmake_module: 0.11.1 (/opt/ros/jazzy/share/python_cmake_module/cmake)
[1.912s] -- Found Python3: /usr/bin/python3 (found version "3.12.3") found components: Interpreter Development NumPy Development.Module Development.Embed 
[1.939s] -- Found ament_lint_auto: 0.17.3 (/opt/ros/jazzy/share/ament_lint_auto/cmake)
[1.956s] -- Added test 'copyright' to check source files copyright and LICENSE
[1.958s] -- Added test 'cppcheck' to perform static code analysis on C / C++ code
[1.961s] -- Configured cppcheck include dirs: /home/nilum-sachithya/ros2_ws/ros_tutorials/turtlesim/include
[1.961s] -- Configured cppcheck exclude dirs and/or files: 
[1.964s] -- Added test 'cpplint' to check C / C++ code against the Google style
[1.964s] -- Configured cpplint exclude dirs and/or files: 
[1.965s] -- Added test 'flake8' to check Python code syntax and style conventions
[1.965s] -- Configured 'flake8' exclude dirs and/or files: 
[1.966s] -- Added test 'lint_cmake' to check CMake code style
[1.967s] -- Added test 'pep257' to check Python code against some of the docstring style conventions in PEP 257
[1.969s] -- Added test 'uncrustify' to check C / C++ code style
[1.969s] -- Configured uncrustify additional arguments: 
[1.971s] -- Added test 'xmllint' to check XML markup files
[1.976s] -- Configuring done (2.0s)
[2.094s] -- Generating done (0.1s)
[2.121s] -- Build files have been written to: /home/nilum-sachithya/ros2_ws/build/turtlesim
