[0.000000] (-) TimerEvent: {}
[0.000330] (-) JobUnselected: {'identifier': 'turtlesim'}
[0.000633] (mypkg) JobQueued: {'identifier': 'mypkg', 'dependencies': OrderedDict()}
[0.001025] (mypkg) JobStarted: {'identifier': 'mypkg'}
[0.009321] (mypkg) JobProgress: {'identifier': 'mypkg', 'progress': 'cmake'}
[0.009778] (mypkg) Command: {'cmd': ['/usr/bin/cmake', '/home/nilum-sachithya/ros2_ws/mypkg', '-DCMAKE_INSTALL_PREFIX=/home/nilum-sachithya/ros2_ws/install/mypkg'], 'cwd': '/home/nilum-sachithya/ros2_ws/build/mypkg', 'env': OrderedDict({'USER': 'nilum-sachithya', 'XDG_SESSION_TYPE': 'wayland', 'SHLVL': '1', 'LD_LIBRARY_PATH': '/home/nilum-sachithya/ros2_ws/install/turtlesim/lib:/opt/ros/jazzy/opt/rviz_ogre_vendor/lib:/opt/ros/jazzy/lib/x86_64-linux-gnu:/opt/ros/jazzy/opt/gz_math_vendor/lib:/opt/ros/jazzy/opt/gz_utils_vendor/lib:/opt/ros/jazzy/opt/gz_cmake_vendor/lib:/opt/ros/jazzy/lib', 'HOME': '/home/nilum-sachithya', 'OLDPWD': '/home/nilum-sachithya/ros2_ws/src', 'DESKTOP_SESSION': 'ubuntu', 'ROS_PYTHON_VERSION': '3', 'GNOME_SHELL_SESSION_MODE': 'ubuntu', 'GTK_MODULES': 'gail:atk-bridge', 'SYSTEMD_EXEC_PID': '3239', 'GSM_SKIP_SSH_AGENT_WORKAROUND': 'true', 'DBUS_SESSION_BUS_ADDRESS': 'unix:path=/run/user/1000/bus', 'COLORTERM': 'truecolor', 'GNOME_KEYRING_CONTROL': '/run/user/1000/keyring', 'NVM_DIR': '/home/nilum-sachithya/.nvm', 'DEBUGINFOD_URLS': 'https://debuginfod.ubuntu.com', 'IM_CONFIG_PHASE': '1', 'WAYLAND_DISPLAY': 'wayland-0', 'COLCON_PREFIX_PATH': '/home/nilum-sachithya/ros2_ws/install', 'ROS_DISTRO': 'jazzy', 'LOGNAME': 'nilum-sachithya', '_': '/usr/bin/colcon', 'ROS_VERSION': '2', 'MEMORY_PRESSURE_WATCH': '/sys/fs/cgroup/user.slice/user-1000.slice/user@1000.service/session.slice/org.gnome.SettingsDaemon.MediaKeys.service/memory.pressure', 'XDG_SESSION_CLASS': 'user', 'USERNAME': 'nilum-sachithya', 'TERM': 'xterm-256color', 'GNOME_DESKTOP_SESSION_ID': 'this-is-deprecated', 'PATH': '/home/nilum-sachithya/Desktop/pintos.tar./pint/toolchain/x86_64/bin:/opt/ros/jazzy/bin:/home/nilum-sachithya/Desktop/pintos.tar./pint/toolchain/x86_64/bin:/usr/local/sbin:/usr/local/bin:/usr/sbin:/usr/bin:/sbin:/bin:/usr/games:/usr/local/games:/snap/bin:/snap/bin', 'SESSION_MANAGER': 'local/nilum-sachithya-ASUS-TUF-Gaming-F15-FX506HF-FX506HF:@/tmp/.ICE-unix/2971,unix/nilum-sachithya-ASUS-TUF-Gaming-F15-FX506HF-FX506HF:/tmp/.ICE-unix/2971', 'XDG_MENU_PREFIX': 'gnome-', 'GNOME_TERMINAL_SCREEN': '/org/gnome/Terminal/screen/739daf2c_5e3a_4451_b134_a62d87994900', 'GNOME_SETUP_DISPLAY': ':1', 'XDG_RUNTIME_DIR': '/run/user/1000', 'DISPLAY': ':0', 'LANG': 'en_US.UTF-8', 'XDG_CURRENT_DESKTOP': 'ubuntu:GNOME', 'XMODIFIERS': '@im=ibus', 'XDG_SESSION_DESKTOP': 'ubuntu', 'XAUTHORITY': '/run/user/1000/.mutter-Xwaylandauth.Z1WHJ3', 'GNOME_TERMINAL_SERVICE': ':1.131', 'SSH_AUTH_SOCK': '/run/user/1000/keyring/ssh', 'AMENT_PREFIX_PATH': '/home/nilum-sachithya/ros2_ws/install/turtlesim:/home/nilum-sachithya/ros2_ws/install/Testpkg:/home/nilum-sachithya/ros2_ws/install/Nilums_pkg:/opt/ros/jazzy', 'SHELL': '/bin/bash', 'QT_ACCESSIBILITY': '1', 'GDMSESSION': 'ubuntu', 'ROS_AUTOMATIC_DISCOVERY_RANGE': 'SUBNET', 'QT_IM_MODULE': 'ibus', 'PWD': '/home/nilum-sachithya/ros2_ws/build/mypkg', 'LC_ALL': 'en_US.UTF-8', 'XDG_CONFIG_DIRS': '/etc/xdg/xdg-ubuntu:/etc/xdg', 'XDG_DATA_DIRS': '/usr/share/ubuntu:/usr/share/gnome:/usr/local/share/:/usr/share/:/var/lib/snapd/desktop', 'PYTHONPATH': '/home/nilum-sachithya/ros2_ws/install/turtlesim/lib/python3.12/site-packages:/opt/ros/jazzy/lib/python3.12/site-packages', 'COLCON': '1', 'MEMORY_PRESSURE_WRITE': 'c29tZSAyMDAwMDAgMjAwMDAwMAA=', 'VTE_VERSION': '7600', 'CMAKE_PREFIX_PATH': '/home/nilum-sachithya/ros2_ws/install/turtlesim:/home/nilum-sachithya/ros2_ws/install/Testpkg:/home/nilum-sachithya/ros2_ws/install/Nilums_pkg:/opt/ros/jazzy/opt/gz_math_vendor:/opt/ros/jazzy/opt/gz_utils_vendor:/opt/ros/jazzy/opt/gz_cmake_vendor:/opt/ros/jazzy'}), 'shell': False}
[0.077759] (mypkg) StdoutLine: {'line': b'-- The C compiler identification is GNU 13.3.0\n'}
[0.099709] (-) TimerEvent: {}
[0.147343] (mypkg) StdoutLine: {'line': b'-- The CXX compiler identification is GNU 13.3.0\n'}
[0.166792] (mypkg) StdoutLine: {'line': b'-- Detecting C compiler ABI info\n'}
[0.199837] (-) TimerEvent: {}
[0.268789] (mypkg) StdoutLine: {'line': b'-- Detecting C compiler ABI info - done\n'}
[0.280711] (mypkg) StdoutLine: {'line': b'-- Check for working C compiler: /usr/bin/cc - skipped\n'}
[0.280990] (mypkg) StdoutLine: {'line': b'-- Detecting C compile features\n'}
[0.281522] (mypkg) StdoutLine: {'line': b'-- Detecting C compile features - done\n'}
[0.292380] (mypkg) StdoutLine: {'line': b'-- Detecting CXX compiler ABI info\n'}
[0.299956] (-) TimerEvent: {}
[0.400277] (-) TimerEvent: {}
[0.406218] (mypkg) StdoutLine: {'line': b'-- Detecting CXX compiler ABI info - done\n'}
[0.418689] (mypkg) StdoutLine: {'line': b'-- Check for working CXX compiler: /usr/bin/c++ - skipped\n'}
[0.418949] (mypkg) StdoutLine: {'line': b'-- Detecting CXX compile features\n'}
[0.419660] (mypkg) StdoutLine: {'line': b'-- Detecting CXX compile features - done\n'}
[0.423018] (mypkg) StdoutLine: {'line': b'-- Found ament_cmake: 2.5.4 (/opt/ros/jazzy/share/ament_cmake/cmake)\n'}
[0.500374] (-) TimerEvent: {}
[0.600681] (-) TimerEvent: {}
[0.607803] (mypkg) StdoutLine: {'line': b'-- Found Python3: /usr/bin/python3 (found version "3.12.3") found components: Interpreter \n'}
[0.700851] (-) TimerEvent: {}
[0.738172] (mypkg) StdoutLine: {'line': b'-- Found ament_lint_auto: 0.17.3 (/opt/ros/jazzy/share/ament_lint_auto/cmake)\n'}
[0.800969] (-) TimerEvent: {}
[0.873977] (mypkg) StdoutLine: {'line': b"-- Added test 'cppcheck' to perform static code analysis on C / C++ code\n"}
[0.874297] (mypkg) StdoutLine: {'line': b'-- Configured cppcheck include dirs: $<BUILD_INTERFACE:/home/nilum-sachithya/ros2_ws/mypkg/include>\n'}
[0.874402] (mypkg) StdoutLine: {'line': b'-- Configured cppcheck exclude dirs and/or files: \n'}
[0.875119] (mypkg) StdoutLine: {'line': b"-- Added test 'lint_cmake' to check CMake code style\n"}
[0.876215] (mypkg) StdoutLine: {'line': b"-- Added test 'uncrustify' to check C / C++ code style\n"}
[0.876385] (mypkg) StdoutLine: {'line': b'-- Configured uncrustify additional arguments: \n'}
[0.876978] (mypkg) StdoutLine: {'line': b"-- Added test 'xmllint' to check XML markup files\n"}
[0.878499] (mypkg) StdoutLine: {'line': b'-- Configuring done (0.9s)\n'}
[0.883326] (mypkg) StdoutLine: {'line': b'-- Generating done (0.0s)\n'}
[0.885713] (mypkg) StdoutLine: {'line': b'-- Build files have been written to: /home/nilum-sachithya/ros2_ws/build/mypkg\n'}
[0.891424] (mypkg) CommandEnded: {'returncode': 0}
[0.892035] (mypkg) JobProgress: {'identifier': 'mypkg', 'progress': 'build'}
[0.892697] (mypkg) Command: {'cmd': ['/usr/bin/cmake', '--build', '/home/nilum-sachithya/ros2_ws/build/mypkg', '--', '-j16', '-l16'], 'cwd': '/home/nilum-sachithya/ros2_ws/build/mypkg', 'env': OrderedDict({'USER': 'nilum-sachithya', 'XDG_SESSION_TYPE': 'wayland', 'SHLVL': '1', 'LD_LIBRARY_PATH': '/home/nilum-sachithya/ros2_ws/install/turtlesim/lib:/opt/ros/jazzy/opt/rviz_ogre_vendor/lib:/opt/ros/jazzy/lib/x86_64-linux-gnu:/opt/ros/jazzy/opt/gz_math_vendor/lib:/opt/ros/jazzy/opt/gz_utils_vendor/lib:/opt/ros/jazzy/opt/gz_cmake_vendor/lib:/opt/ros/jazzy/lib', 'HOME': '/home/nilum-sachithya', 'OLDPWD': '/home/nilum-sachithya/ros2_ws/src', 'DESKTOP_SESSION': 'ubuntu', 'ROS_PYTHON_VERSION': '3', 'GNOME_SHELL_SESSION_MODE': 'ubuntu', 'GTK_MODULES': 'gail:atk-bridge', 'SYSTEMD_EXEC_PID': '3239', 'GSM_SKIP_SSH_AGENT_WORKAROUND': 'true', 'DBUS_SESSION_BUS_ADDRESS': 'unix:path=/run/user/1000/bus', 'COLORTERM': 'truecolor', 'GNOME_KEYRING_CONTROL': '/run/user/1000/keyring', 'NVM_DIR': '/home/nilum-sachithya/.nvm', 'DEBUGINFOD_URLS': 'https://debuginfod.ubuntu.com', 'IM_CONFIG_PHASE': '1', 'WAYLAND_DISPLAY': 'wayland-0', 'COLCON_PREFIX_PATH': '/home/nilum-sachithya/ros2_ws/install', 'ROS_DISTRO': 'jazzy', 'LOGNAME': 'nilum-sachithya', '_': '/usr/bin/colcon', 'ROS_VERSION': '2', 'MEMORY_PRESSURE_WATCH': '/sys/fs/cgroup/user.slice/user-1000.slice/user@1000.service/session.slice/org.gnome.SettingsDaemon.MediaKeys.service/memory.pressure', 'XDG_SESSION_CLASS': 'user', 'USERNAME': 'nilum-sachithya', 'TERM': 'xterm-256color', 'GNOME_DESKTOP_SESSION_ID': 'this-is-deprecated', 'PATH': '/home/nilum-sachithya/Desktop/pintos.tar./pint/toolchain/x86_64/bin:/opt/ros/jazzy/bin:/home/nilum-sachithya/Desktop/pintos.tar./pint/toolchain/x86_64/bin:/usr/local/sbin:/usr/local/bin:/usr/sbin:/usr/bin:/sbin:/bin:/usr/games:/usr/local/games:/snap/bin:/snap/bin', 'SESSION_MANAGER': 'local/nilum-sachithya-ASUS-TUF-Gaming-F15-FX506HF-FX506HF:@/tmp/.ICE-unix/2971,unix/nilum-sachithya-ASUS-TUF-Gaming-F15-FX506HF-FX506HF:/tmp/.ICE-unix/2971', 'XDG_MENU_PREFIX': 'gnome-', 'GNOME_TERMINAL_SCREEN': '/org/gnome/Terminal/screen/739daf2c_5e3a_4451_b134_a62d87994900', 'GNOME_SETUP_DISPLAY': ':1', 'XDG_RUNTIME_DIR': '/run/user/1000', 'DISPLAY': ':0', 'LANG': 'en_US.UTF-8', 'XDG_CURRENT_DESKTOP': 'ubuntu:GNOME', 'XMODIFIERS': '@im=ibus', 'XDG_SESSION_DESKTOP': 'ubuntu', 'XAUTHORITY': '/run/user/1000/.mutter-Xwaylandauth.Z1WHJ3', 'GNOME_TERMINAL_SERVICE': ':1.131', 'SSH_AUTH_SOCK': '/run/user/1000/keyring/ssh', 'AMENT_PREFIX_PATH': '/home/nilum-sachithya/ros2_ws/install/turtlesim:/home/nilum-sachithya/ros2_ws/install/Testpkg:/home/nilum-sachithya/ros2_ws/install/Nilums_pkg:/opt/ros/jazzy', 'SHELL': '/bin/bash', 'QT_ACCESSIBILITY': '1', 'GDMSESSION': 'ubuntu', 'ROS_AUTOMATIC_DISCOVERY_RANGE': 'SUBNET', 'QT_IM_MODULE': 'ibus', 'PWD': '/home/nilum-sachithya/ros2_ws/build/mypkg', 'LC_ALL': 'en_US.UTF-8', 'XDG_CONFIG_DIRS': '/etc/xdg/xdg-ubuntu:/etc/xdg', 'XDG_DATA_DIRS': '/usr/share/ubuntu:/usr/share/gnome:/usr/local/share/:/usr/share/:/var/lib/snapd/desktop', 'PYTHONPATH': '/home/nilum-sachithya/ros2_ws/install/turtlesim/lib/python3.12/site-packages:/opt/ros/jazzy/lib/python3.12/site-packages', 'COLCON': '1', 'MEMORY_PRESSURE_WRITE': 'c29tZSAyMDAwMDAgMjAwMDAwMAA=', 'VTE_VERSION': '7600', 'CMAKE_PREFIX_PATH': '/home/nilum-sachithya/ros2_ws/install/turtlesim:/home/nilum-sachithya/ros2_ws/install/Testpkg:/home/nilum-sachithya/ros2_ws/install/Nilums_pkg:/opt/ros/jazzy/opt/gz_math_vendor:/opt/ros/jazzy/opt/gz_utils_vendor:/opt/ros/jazzy/opt/gz_cmake_vendor:/opt/ros/jazzy'}), 'shell': False}
[0.901092] (-) TimerEvent: {}
[0.948157] (mypkg) StdoutLine: {'line': b'[ 50%] \x1b[32mBuilding CXX object CMakeFiles/mynode.dir/src/mynode.cpp.o\x1b[0m\n'}
[0.983080] (mypkg) StdoutLine: {'line': b'[100%] \x1b[32m\x1b[1mLinking CXX executable mynode\x1b[0m\n'}
[1.001227] (-) TimerEvent: {}
[1.039174] (mypkg) StdoutLine: {'line': b'[100%] Built target mynode\n'}
[1.052140] (mypkg) CommandEnded: {'returncode': 0}
[1.052933] (mypkg) JobProgress: {'identifier': 'mypkg', 'progress': 'install'}
[1.062847] (mypkg) Command: {'cmd': ['/usr/bin/cmake', '--install', '/home/nilum-sachithya/ros2_ws/build/mypkg'], 'cwd': '/home/nilum-sachithya/ros2_ws/build/mypkg', 'env': OrderedDict({'USER': 'nilum-sachithya', 'XDG_SESSION_TYPE': 'wayland', 'SHLVL': '1', 'LD_LIBRARY_PATH': '/home/nilum-sachithya/ros2_ws/install/turtlesim/lib:/opt/ros/jazzy/opt/rviz_ogre_vendor/lib:/opt/ros/jazzy/lib/x86_64-linux-gnu:/opt/ros/jazzy/opt/gz_math_vendor/lib:/opt/ros/jazzy/opt/gz_utils_vendor/lib:/opt/ros/jazzy/opt/gz_cmake_vendor/lib:/opt/ros/jazzy/lib', 'HOME': '/home/nilum-sachithya', 'OLDPWD': '/home/nilum-sachithya/ros2_ws/src', 'DESKTOP_SESSION': 'ubuntu', 'ROS_PYTHON_VERSION': '3', 'GNOME_SHELL_SESSION_MODE': 'ubuntu', 'GTK_MODULES': 'gail:atk-bridge', 'SYSTEMD_EXEC_PID': '3239', 'GSM_SKIP_SSH_AGENT_WORKAROUND': 'true', 'DBUS_SESSION_BUS_ADDRESS': 'unix:path=/run/user/1000/bus', 'COLORTERM': 'truecolor', 'GNOME_KEYRING_CONTROL': '/run/user/1000/keyring', 'NVM_DIR': '/home/nilum-sachithya/.nvm', 'DEBUGINFOD_URLS': 'https://debuginfod.ubuntu.com', 'IM_CONFIG_PHASE': '1', 'WAYLAND_DISPLAY': 'wayland-0', 'COLCON_PREFIX_PATH': '/home/nilum-sachithya/ros2_ws/install', 'ROS_DISTRO': 'jazzy', 'LOGNAME': 'nilum-sachithya', '_': '/usr/bin/colcon', 'ROS_VERSION': '2', 'MEMORY_PRESSURE_WATCH': '/sys/fs/cgroup/user.slice/user-1000.slice/user@1000.service/session.slice/org.gnome.SettingsDaemon.MediaKeys.service/memory.pressure', 'XDG_SESSION_CLASS': 'user', 'USERNAME': 'nilum-sachithya', 'TERM': 'xterm-256color', 'GNOME_DESKTOP_SESSION_ID': 'this-is-deprecated', 'PATH': '/home/nilum-sachithya/Desktop/pintos.tar./pint/toolchain/x86_64/bin:/opt/ros/jazzy/bin:/home/nilum-sachithya/Desktop/pintos.tar./pint/toolchain/x86_64/bin:/usr/local/sbin:/usr/local/bin:/usr/sbin:/usr/bin:/sbin:/bin:/usr/games:/usr/local/games:/snap/bin:/snap/bin', 'SESSION_MANAGER': 'local/nilum-sachithya-ASUS-TUF-Gaming-F15-FX506HF-FX506HF:@/tmp/.ICE-unix/2971,unix/nilum-sachithya-ASUS-TUF-Gaming-F15-FX506HF-FX506HF:/tmp/.ICE-unix/2971', 'XDG_MENU_PREFIX': 'gnome-', 'GNOME_TERMINAL_SCREEN': '/org/gnome/Terminal/screen/739daf2c_5e3a_4451_b134_a62d87994900', 'GNOME_SETUP_DISPLAY': ':1', 'XDG_RUNTIME_DIR': '/run/user/1000', 'DISPLAY': ':0', 'LANG': 'en_US.UTF-8', 'XDG_CURRENT_DESKTOP': 'ubuntu:GNOME', 'XMODIFIERS': '@im=ibus', 'XDG_SESSION_DESKTOP': 'ubuntu', 'XAUTHORITY': '/run/user/1000/.mutter-Xwaylandauth.Z1WHJ3', 'GNOME_TERMINAL_SERVICE': ':1.131', 'SSH_AUTH_SOCK': '/run/user/1000/keyring/ssh', 'AMENT_PREFIX_PATH': '/home/nilum-sachithya/ros2_ws/install/turtlesim:/home/nilum-sachithya/ros2_ws/install/Testpkg:/home/nilum-sachithya/ros2_ws/install/Nilums_pkg:/opt/ros/jazzy', 'SHELL': '/bin/bash', 'QT_ACCESSIBILITY': '1', 'GDMSESSION': 'ubuntu', 'ROS_AUTOMATIC_DISCOVERY_RANGE': 'SUBNET', 'QT_IM_MODULE': 'ibus', 'PWD': '/home/nilum-sachithya/ros2_ws/build/mypkg', 'LC_ALL': 'en_US.UTF-8', 'XDG_CONFIG_DIRS': '/etc/xdg/xdg-ubuntu:/etc/xdg', 'XDG_DATA_DIRS': '/usr/share/ubuntu:/usr/share/gnome:/usr/local/share/:/usr/share/:/var/lib/snapd/desktop', 'PYTHONPATH': '/home/nilum-sachithya/ros2_ws/install/turtlesim/lib/python3.12/site-packages:/opt/ros/jazzy/lib/python3.12/site-packages', 'COLCON': '1', 'MEMORY_PRESSURE_WRITE': 'c29tZSAyMDAwMDAgMjAwMDAwMAA=', 'VTE_VERSION': '7600', 'CMAKE_PREFIX_PATH': '/home/nilum-sachithya/ros2_ws/install/turtlesim:/home/nilum-sachithya/ros2_ws/install/Testpkg:/home/nilum-sachithya/ros2_ws/install/Nilums_pkg:/opt/ros/jazzy/opt/gz_math_vendor:/opt/ros/jazzy/opt/gz_utils_vendor:/opt/ros/jazzy/opt/gz_cmake_vendor:/opt/ros/jazzy'}), 'shell': False}
[1.071373] (mypkg) StdoutLine: {'line': b'-- Install configuration: ""\n'}
[1.071629] (mypkg) StdoutLine: {'line': b'-- Installing: /home/nilum-sachithya/ros2_ws/install/mypkg/lib/mypkg/mynode\n'}
[1.071863] (mypkg) StdoutLine: {'line': b'-- Installing: /home/nilum-sachithya/ros2_ws/install/mypkg/share/ament_index/resource_index/package_run_dependencies/mypkg\n'}
[1.071996] (mypkg) StdoutLine: {'line': b'-- Installing: /home/nilum-sachithya/ros2_ws/install/mypkg/share/ament_index/resource_index/parent_prefix_path/mypkg\n'}
[1.072168] (mypkg) StdoutLine: {'line': b'-- Installing: /home/nilum-sachithya/ros2_ws/install/mypkg/share/mypkg/environment/ament_prefix_path.sh\n'}
[1.072308] (mypkg) StdoutLine: {'line': b'-- Installing: /home/nilum-sachithya/ros2_ws/install/mypkg/share/mypkg/environment/ament_prefix_path.dsv\n'}
[1.072424] (mypkg) StdoutLine: {'line': b'-- Installing: /home/nilum-sachithya/ros2_ws/install/mypkg/share/mypkg/environment/path.sh\n'}
[1.072542] (mypkg) StdoutLine: {'line': b'-- Installing: /home/nilum-sachithya/ros2_ws/install/mypkg/share/mypkg/environment/path.dsv\n'}
[1.072653] (mypkg) StdoutLine: {'line': b'-- Installing: /home/nilum-sachithya/ros2_ws/install/mypkg/share/mypkg/local_setup.bash\n'}
[1.072768] (mypkg) StdoutLine: {'line': b'-- Installing: /home/nilum-sachithya/ros2_ws/install/mypkg/share/mypkg/local_setup.sh\n'}
[1.072884] (mypkg) StdoutLine: {'line': b'-- Installing: /home/nilum-sachithya/ros2_ws/install/mypkg/share/mypkg/local_setup.zsh\n'}
[1.072988] (mypkg) StdoutLine: {'line': b'-- Installing: /home/nilum-sachithya/ros2_ws/install/mypkg/share/mypkg/local_setup.dsv\n'}
[1.073103] (mypkg) StdoutLine: {'line': b'-- Installing: /home/nilum-sachithya/ros2_ws/install/mypkg/share/mypkg/package.dsv\n'}
[1.073284] (mypkg) StdoutLine: {'line': b'-- Installing: /home/nilum-sachithya/ros2_ws/install/mypkg/share/ament_index/resource_index/packages/mypkg\n'}
[1.073453] (mypkg) StdoutLine: {'line': b'-- Installing: /home/nilum-sachithya/ros2_ws/install/mypkg/share/mypkg/cmake/mypkgConfig.cmake\n'}
[1.073576] (mypkg) StdoutLine: {'line': b'-- Installing: /home/nilum-sachithya/ros2_ws/install/mypkg/share/mypkg/cmake/mypkgConfig-version.cmake\n'}
[1.073688] (mypkg) StdoutLine: {'line': b'-- Installing: /home/nilum-sachithya/ros2_ws/install/mypkg/share/mypkg/package.xml\n'}
[1.075639] (mypkg) CommandEnded: {'returncode': 0}
[1.094640] (mypkg) JobEnded: {'identifier': 'mypkg', 'rc': 0}
[1.095662] (-) EventReactorShutdown: {}
