[0.011s] Invoking command in '/home/nilum-sachithya/ros2_ws/build/mypkg': CMAKE_PREFIX_PATH=${CMAKE_PREFIX_PATH}:/opt/ros/jazzy DEBUGINFOD_URLS=https://debuginfod.ubuntu.com /usr/bin/cmake /home/nilum-sachithya/ros2_ws/mypkg -DCMAKE_INSTALL_PREFIX=/home/nilum-sachithya/ros2_ws/install/mypkg
[0.077s] -- The C compiler identification is GNU 13.3.0
[0.146s] -- The CXX compiler identification is GNU 13.3.0
[0.166s] -- Detecting C compiler ABI info
[0.268s] -- Detecting C compiler ABI info - done
[0.280s] -- Check for working C compiler: /usr/bin/cc - skipped
[0.280s] -- Detecting C compile features
[0.281s] -- Detecting C compile features - done
[0.291s] -- Detecting CXX compiler ABI info
[0.405s] -- Detecting CXX compiler ABI info - done
[0.418s] -- Check for working CXX compiler: /usr/bin/c++ - skipped
[0.418s] -- Detecting CXX compile features
[0.419s] -- Detecting CXX compile features - done
[0.422s] -- Found ament_cmake: 2.5.4 (/opt/ros/jazzy/share/ament_cmake/cmake)
[0.607s] -- Found Python3: /usr/bin/python3 (found version "3.12.3") found components: Interpreter 
[0.737s] -- Found ament_lint_auto: 0.17.3 (/opt/ros/jazzy/share/ament_lint_auto/cmake)
[0.873s] -- Added test 'cppcheck' to perform static code analysis on C / C++ code
[0.873s] -- Configured cppcheck include dirs: $<BUILD_INTERFACE:/home/nilum-sachithya/ros2_ws/mypkg/include>
[0.873s] -- Configured cppcheck exclude dirs and/or files: 
[0.874s] -- Added test 'lint_cmake' to check CMake code style
[0.875s] -- Added test 'uncrustify' to check C / C++ code style
[0.875s] -- Configured uncrustify additional arguments: 
[0.876s] -- Added test 'xmllint' to check XML markup files
[0.878s] -- Configuring done (0.9s)
[0.882s] -- Generating done (0.0s)
[0.885s] -- Build files have been written to: /home/nilum-sachithya/ros2_ws/build/mypkg
[0.891s] Invoked command in '/home/nilum-sachithya/ros2_ws/build/mypkg' returned '0': CMAKE_PREFIX_PATH=${CMAKE_PREFIX_PATH}:/opt/ros/jazzy DEBUGINFOD_URLS=https://debuginfod.ubuntu.com /usr/bin/cmake /home/nilum-sachithya/ros2_ws/mypkg -DCMAKE_INSTALL_PREFIX=/home/nilum-sachithya/ros2_ws/install/mypkg
[0.892s] Invoking command in '/home/nilum-sachithya/ros2_ws/build/mypkg': CMAKE_PREFIX_PATH=${CMAKE_PREFIX_PATH}:/opt/ros/jazzy DEBUGINFOD_URLS=https://debuginfod.ubuntu.com /usr/bin/cmake --build /home/nilum-sachithya/ros2_ws/build/mypkg -- -j16 -l16
[0.948s] [ 50%] [32mBuilding CXX object CMakeFiles/mynode.dir/src/mynode.cpp.o[0m
[0.982s] [100%] [32m[1mLinking CXX executable mynode[0m
[1.038s] [100%] Built target mynode
[1.051s] Invoked command in '/home/nilum-sachithya/ros2_ws/build/mypkg' returned '0': CMAKE_PREFIX_PATH=${CMAKE_PREFIX_PATH}:/opt/ros/jazzy DEBUGINFOD_URLS=https://debuginfod.ubuntu.com /usr/bin/cmake --build /home/nilum-sachithya/ros2_ws/build/mypkg -- -j16 -l16
[1.062s] Invoking command in '/home/nilum-sachithya/ros2_ws/build/mypkg': CMAKE_PREFIX_PATH=${CMAKE_PREFIX_PATH}:/opt/ros/jazzy DEBUGINFOD_URLS=https://debuginfod.ubuntu.com /usr/bin/cmake --install /home/nilum-sachithya/ros2_ws/build/mypkg
[1.070s] -- Install configuration: ""
[1.071s] -- Installing: /home/nilum-sachithya/ros2_ws/install/mypkg/lib/mypkg/mynode
[1.071s] -- Installing: /home/nilum-sachithya/ros2_ws/install/mypkg/share/ament_index/resource_index/package_run_dependencies/mypkg
[1.071s] -- Installing: /home/nilum-sachithya/ros2_ws/install/mypkg/share/ament_index/resource_index/parent_prefix_path/mypkg
[1.071s] -- Installing: /home/nilum-sachithya/ros2_ws/install/mypkg/share/mypkg/environment/ament_prefix_path.sh
[1.071s] -- Installing: /home/nilum-sachithya/ros2_ws/install/mypkg/share/mypkg/environment/ament_prefix_path.dsv
[1.071s] -- Installing: /home/nilum-sachithya/ros2_ws/install/mypkg/share/mypkg/environment/path.sh
[1.071s] -- Installing: /home/nilum-sachithya/ros2_ws/install/mypkg/share/mypkg/environment/path.dsv
[1.072s] -- Installing: /home/nilum-sachithya/ros2_ws/install/mypkg/share/mypkg/local_setup.bash
[1.072s] -- Installing: /home/nilum-sachithya/ros2_ws/install/mypkg/share/mypkg/local_setup.sh
[1.072s] -- Installing: /home/nilum-sachithya/ros2_ws/install/mypkg/share/mypkg/local_setup.zsh
[1.072s] -- Installing: /home/nilum-sachithya/ros2_ws/install/mypkg/share/mypkg/local_setup.dsv
[1.072s] -- Installing: /home/nilum-sachithya/ros2_ws/install/mypkg/share/mypkg/package.dsv
[1.072s] -- Installing: /home/nilum-sachithya/ros2_ws/install/mypkg/share/ament_index/resource_index/packages/mypkg
[1.072s] -- Installing: /home/nilum-sachithya/ros2_ws/install/mypkg/share/mypkg/cmake/mypkgConfig.cmake
[1.073s] -- Installing: /home/nilum-sachithya/ros2_ws/install/mypkg/share/mypkg/cmake/mypkgConfig-version.cmake
[1.073s] -- Installing: /home/nilum-sachithya/ros2_ws/install/mypkg/share/mypkg/package.xml
[1.075s] Invoked command in '/home/nilum-sachithya/ros2_ws/build/mypkg' returned '0': CMAKE_PREFIX_PATH=${CMAKE_PREFIX_PATH}:/opt/ros/jazzy DEBUGINFOD_URLS=https://debuginfod.ubuntu.com /usr/bin/cmake --install /home/nilum-sachithya/ros2_ws/build/mypkg
