[0.000000] (-) TimerEvent: {}
[0.000232] (-) JobUnselected: {'identifier': 'firstpkg'}
[0.000419] (-) JobUnselected: {'identifier': 'turtlesim'}
[0.000451] (newp) JobQueued: {'identifier': 'newp', 'dependencies': OrderedDict()}
[0.000711] (newp) JobStarted: {'identifier': 'newp'}
[0.009037] (newp) JobProgress: {'identifier': 'newp', 'progress': 'cmake'}
[0.009884] (newp) Command: {'cmd': ['/usr/bin/cmake', '/home/nilum-sachithya/ros2_ws/src/newp', '-DCMAKE_INSTALL_PREFIX=/home/nilum-sachithya/ros2_ws/install/newp'], 'cwd': '/home/nilum-sachithya/ros2_ws/build/newp', 'env': OrderedDict({'USER': 'nilum-sachithya', 'XDG_SESSION_TYPE': 'wayland', 'SHLVL': '1', 'LD_LIBRARY_PATH': '/home/nilum-sachithya/ros2_ws/install/turtlesim/lib:/opt/ros/jazzy/opt/rviz_ogre_vendor/lib:/opt/ros/jazzy/lib/x86_64-linux-gnu:/opt/ros/jazzy/opt/gz_math_vendor/lib:/opt/ros/jazzy/opt/gz_utils_vendor/lib:/opt/ros/jazzy/opt/gz_cmake_vendor/lib:/opt/ros/jazzy/lib', 'HOME': '/home/nilum-sachithya', 'OLDPWD': '/home/nilum-sachithya/ros2_ws/src', 'DESKTOP_SESSION': 'ubuntu', 'ROS_PYTHON_VERSION': '3', 'GNOME_SHELL_SESSION_MODE': 'ubuntu', 'GTK_MODULES': 'gail:atk-bridge', 'SYSTEMD_EXEC_PID': '3239', 'GSM_SKIP_SSH_AGENT_WORKAROUND': 'true', 'DBUS_SESSION_BUS_ADDRESS': 'unix:path=/run/user/1000/bus', 'COLORTERM': 'truecolor', 'GNOME_KEYRING_CONTROL': '/run/user/1000/keyring', 'NVM_DIR': '/home/nilum-sachithya/.nvm', 'DEBUGINFOD_URLS': 'https://debuginfod.ubuntu.com', 'IM_CONFIG_PHASE': '1', 'WAYLAND_DISPLAY': 'wayland-0', 'COLCON_PREFIX_PATH': '/home/nilum-sachithya/ros2_ws/install', 'ROS_DISTRO': 'jazzy', 'LOGNAME': 'nilum-sachithya', '_': '/usr/bin/colcon', 'ROS_VERSION': '2', 'MEMORY_PRESSURE_WATCH': '/sys/fs/cgroup/user.slice/user-1000.slice/user@1000.service/session.slice/org.gnome.SettingsDaemon.MediaKeys.service/memory.pressure', 'XDG_SESSION_CLASS': 'user', 'USERNAME': 'nilum-sachithya', 'TERM': 'xterm-256color', 'GNOME_DESKTOP_SESSION_ID': 'this-is-deprecated', 'PATH': '/home/nilum-sachithya/Desktop/pintos.tar./pint/toolchain/x86_64/bin:/opt/ros/jazzy/bin:/home/nilum-sachithya/Desktop/pintos.tar./pint/toolchain/x86_64/bin:/usr/local/sbin:/usr/local/bin:/usr/sbin:/usr/bin:/sbin:/bin:/usr/games:/usr/local/games:/snap/bin:/snap/bin', 'SESSION_MANAGER': 'local/nilum-sachithya-ASUS-TUF-Gaming-F15-FX506HF-FX506HF:@/tmp/.ICE-unix/2971,unix/nilum-sachithya-ASUS-TUF-Gaming-F15-FX506HF-FX506HF:/tmp/.ICE-unix/2971', 'XDG_MENU_PREFIX': 'gnome-', 'GNOME_TERMINAL_SCREEN': '/org/gnome/Terminal/screen/739daf2c_5e3a_4451_b134_a62d87994900', 'GNOME_SETUP_DISPLAY': ':1', 'XDG_RUNTIME_DIR': '/run/user/1000', 'DISPLAY': ':0', 'LANG': 'en_US.UTF-8', 'XDG_CURRENT_DESKTOP': 'ubuntu:GNOME', 'XMODIFIERS': '@im=ibus', 'XDG_SESSION_DESKTOP': 'ubuntu', 'XAUTHORITY': '/run/user/1000/.mutter-Xwaylandauth.Z1WHJ3', 'GNOME_TERMINAL_SERVICE': ':1.131', 'SSH_AUTH_SOCK': '/run/user/1000/keyring/ssh', 'AMENT_PREFIX_PATH': '/home/nilum-sachithya/ros2_ws/install/turtlesim:/home/nilum-sachithya/ros2_ws/install/Testpkg:/home/nilum-sachithya/ros2_ws/install/Nilums_pkg:/opt/ros/jazzy', 'SHELL': '/bin/bash', 'QT_ACCESSIBILITY': '1', 'GDMSESSION': 'ubuntu', 'ROS_AUTOMATIC_DISCOVERY_RANGE': 'SUBNET', 'QT_IM_MODULE': 'ibus', 'PWD': '/home/nilum-sachithya/ros2_ws/build/newp', 'LC_ALL': 'en_US.UTF-8', 'XDG_CONFIG_DIRS': '/etc/xdg/xdg-ubuntu:/etc/xdg', 'XDG_DATA_DIRS': '/usr/share/ubuntu:/usr/share/gnome:/usr/local/share/:/usr/share/:/var/lib/snapd/desktop', 'PYTHONPATH': '/home/nilum-sachithya/ros2_ws/install/turtlesim/lib/python3.12/site-packages:/opt/ros/jazzy/lib/python3.12/site-packages', 'COLCON': '1', 'MEMORY_PRESSURE_WRITE': 'c29tZSAyMDAwMDAgMjAwMDAwMAA=', 'VTE_VERSION': '7600', 'CMAKE_PREFIX_PATH': '/home/nilum-sachithya/ros2_ws/install/turtlesim:/home/nilum-sachithya/ros2_ws/install/Testpkg:/home/nilum-sachithya/ros2_ws/install/Nilums_pkg:/opt/ros/jazzy/opt/gz_math_vendor:/opt/ros/jazzy/opt/gz_utils_vendor:/opt/ros/jazzy/opt/gz_cmake_vendor:/opt/ros/jazzy'}), 'shell': False}
[0.027056] (newp) StdoutLine: {'line': b'-- Found ament_cmake: 2.5.4 (/opt/ros/jazzy/share/ament_cmake/cmake)\n'}
[0.099686] (-) TimerEvent: {}
[0.200031] (-) TimerEvent: {}
[0.300508] (-) TimerEvent: {}
[0.308740] (newp) StdoutLine: {'line': b'-- Found ament_lint_auto: 0.17.3 (/opt/ros/jazzy/share/ament_lint_auto/cmake)\n'}
[0.400620] (-) TimerEvent: {}
[0.432157] (newp) StdoutLine: {'line': b"-- Added test 'cppcheck' to perform static code analysis on C / C++ code\n"}
[0.432448] (newp) StdoutLine: {'line': b'-- Configured cppcheck include dirs: $<BUILD_INTERFACE:/home/nilum-sachithya/ros2_ws/src/newp/include>\n'}
[0.432568] (newp) StdoutLine: {'line': b'-- Configured cppcheck exclude dirs and/or files: \n'}
[0.433012] (newp) StdoutLine: {'line': b"-- Added test 'lint_cmake' to check CMake code style\n"}
[0.433731] (newp) StdoutLine: {'line': b"-- Added test 'uncrustify' to check C / C++ code style\n"}
[0.433943] (newp) StdoutLine: {'line': b'-- Configured uncrustify additional arguments: \n'}
[0.434231] (newp) StdoutLine: {'line': b"-- Added test 'xmllint' to check XML markup files\n"}
[0.435229] (newp) StderrLine: {'line': b'\x1b[31mCMake Error at CMakeLists.txt:14 (add_executable):\n'}
[0.435435] (newp) StderrLine: {'line': b'  The target name "test" is reserved when CTest testing is enabled.\n'}
[0.435554] (newp) StderrLine: {'line': b'\n'}
[0.435644] (newp) StderrLine: {'line': b'\x1b[0m\n'}
[0.435727] (newp) StdoutLine: {'line': b'-- Configuring incomplete, errors occurred!\n'}
[0.438867] (newp) CommandEnded: {'returncode': 1}
[0.462031] (newp) JobEnded: {'identifier': 'newp', 'rc': 1}
[0.472508] (-) EventReactorShutdown: {}
