[0.020s] Invoking command in '/home/nilum-sachithya/ros2_ws/build/firstpkg': CMAKE_PREFIX_PATH=${CMAKE_PREFIX_PATH}:/opt/ros/jazzy DEBUGINFOD_URLS=https://debuginfod.ubuntu.com /usr/bin/cmake /home/nilum-sachithya/ros2_ws/src/firstpkg -DCMAKE_INSTALL_PREFIX=/home/nilum-sachithya/ros2_ws/install/firstpkg
[0.124s] -- The C compiler identification is GNU 13.3.0
[0.212s] -- The CXX compiler identification is GNU 13.3.0
[0.233s] -- Detecting C compiler ABI info
[0.336s] -- Detecting C compiler ABI info - done
[0.348s] -- Check for working C compiler: /usr/bin/cc - skipped
[0.348s] -- Detecting C compile features
[0.349s] -- Detecting C compile features - done
[0.360s] -- Detecting CXX compiler ABI info
[0.472s] -- Detecting CXX compiler ABI info - done
[0.485s] -- Check for working CXX compiler: /usr/bin/c++ - skipped
[0.485s] -- Detecting CXX compile features
[0.486s] -- Detecting CXX compile features - done
[0.491s] -- Found ament_cmake: 2.5.4 (/opt/ros/jazzy/share/ament_cmake/cmake)
[0.675s] -- Found Python3: /usr/bin/python3 (found version "3.12.3") found components: Interpreter 
[0.803s] -- Found ament_lint_auto: 0.17.3 (/opt/ros/jazzy/share/ament_lint_auto/cmake)
[0.942s] -- Added test 'cppcheck' to perform static code analysis on C / C++ code
[0.942s] -- Configured cppcheck include dirs: $<BUILD_INTERFACE:/home/nilum-sachithya/ros2_ws/src/firstpkg/include>
[0.942s] -- Configured cppcheck exclude dirs and/or files: 
[0.943s] -- Added test 'lint_cmake' to check CMake code style
[0.945s] -- Added test 'uncrustify' to check C / C++ code style
[0.945s] -- Configured uncrustify additional arguments: 
[0.946s] -- Added test 'xmllint' to check XML markup files
[0.948s] -- Configuring done (0.9s)
[0.953s] -- Generating done (0.0s)
[0.955s] -- Build files have been written to: /home/nilum-sachithya/ros2_ws/build/firstpkg
[0.961s] Invoked command in '/home/nilum-sachithya/ros2_ws/build/firstpkg' returned '0': CMAKE_PREFIX_PATH=${CMAKE_PREFIX_PATH}:/opt/ros/jazzy DEBUGINFOD_URLS=https://debuginfod.ubuntu.com /usr/bin/cmake /home/nilum-sachithya/ros2_ws/src/firstpkg -DCMAKE_INSTALL_PREFIX=/home/nilum-sachithya/ros2_ws/install/firstpkg
[0.963s] Invoking command in '/home/nilum-sachithya/ros2_ws/build/firstpkg': CMAKE_PREFIX_PATH=${CMAKE_PREFIX_PATH}:/opt/ros/jazzy DEBUGINFOD_URLS=https://debuginfod.ubuntu.com /usr/bin/cmake --build /home/nilum-sachithya/ros2_ws/build/firstpkg -- -j16 -l16
[1.017s] [ 50%] [32mBuilding CXX object CMakeFiles/firstnode.dir/src/firstnode.cpp.o[0m
[1.055s] [100%] [32m[1mLinking CXX executable firstnode[0m
[1.110s] [100%] Built target firstnode
