[0.137s] DEBUG:colcon:Command line arguments: ['/usr/bin/colcon', 'build', '--packages-select', 'mypkg']
[0.137s] DEBUG:colcon:Parsed command line arguments: Namespace(log_base=None, log_level=None, verb_name='build', build_base='build', install_base='install', merge_install=False, symlink_install=False, test_result_base=None, continue_on_error=False, executor='parallel', parallel_workers=16, event_handlers=None, ignore_user_meta=False, metas=['./colcon.meta'], base_paths=['.'], packages_ignore=None, packages_ignore_regex=None, paths=None, packages_up_to=None, packages_up_to_regex=None, packages_above=None, packages_above_and_dependencies=None, packages_above_depth=None, packages_select_by_dep=None, packages_skip_by_dep=None, packages_skip_up_to=None, packages_select_build_failed=False, packages_skip_build_finished=False, packages_select_test_failures=False, packages_skip_test_passed=False, packages_select=['mypkg'], packages_skip=None, packages_select_regex=None, packages_skip_regex=None, packages_start=None, packages_end=None, allow_overriding=[], cmake_args=None, cmake_target=None, cmake_target_skip_unavailable=False, cmake_clean_cache=False, cmake_clean_first=False, cmake_force_configure=False, ament_cmake_args=None, catkin_cmake_args=None, catkin_skip_building_tests=False, mixin_files=None, mixin=None, verb_parser=<colcon_mixin.mixin.mixin_argument.MixinArgumentDecorator object at 0x7c2c02a9c590>, verb_extension=<colcon_core.verb.build.BuildVerb object at 0x7c2c02b36fc0>, main=<bound method BuildVerb.main of <colcon_core.verb.build.BuildVerb object at 0x7c2c02b36fc0>>, mixin_verb=('build',))
[0.187s] Level 1:colcon.colcon_core.package_discovery:discover_packages(colcon_meta) check parameters
[0.188s] Level 1:colcon.colcon_core.package_discovery:discover_packages(recursive) check parameters
[0.188s] Level 1:colcon.colcon_core.package_discovery:discover_packages(ignore) check parameters
[0.188s] Level 1:colcon.colcon_core.package_discovery:discover_packages(path) check parameters
[0.188s] Level 1:colcon.colcon_core.package_discovery:discover_packages(colcon_meta) discover
[0.188s] Level 1:colcon.colcon_core.package_discovery:discover_packages(recursive) discover
[0.188s] INFO:colcon.colcon_core.package_discovery:Crawling recursively for packages in '/home/nilum-sachithya/ros2_ws/src'
[0.188s] Level 1:colcon.colcon_core.package_identification:_identify(.) by extensions ['ignore', 'ignore_ament_install']
[0.188s] Level 1:colcon.colcon_core.package_identification:_identify(.) by extension 'ignore'
[0.188s] Level 1:colcon.colcon_core.package_identification:_identify(.) by extension 'ignore_ament_install'
[0.188s] Level 1:colcon.colcon_core.package_identification:_identify(.) by extensions ['colcon_pkg']
[0.188s] Level 1:colcon.colcon_core.package_identification:_identify(.) by extension 'colcon_pkg'
[0.188s] Level 1:colcon.colcon_core.package_identification:_identify(.) by extensions ['colcon_meta']
[0.188s] Level 1:colcon.colcon_core.package_identification:_identify(.) by extension 'colcon_meta'
[0.188s] Level 1:colcon.colcon_core.package_identification:_identify(.) by extensions ['ros']
[0.188s] Level 1:colcon.colcon_core.package_identification:_identify(.) by extension 'ros'
[0.223s] Level 1:colcon.colcon_core.package_identification:_identify(.) by extensions ['cmake', 'python']
[0.223s] Level 1:colcon.colcon_core.package_identification:_identify(.) by extension 'cmake'
[0.223s] Level 1:colcon.colcon_core.package_identification:_identify(.) by extension 'python'
[0.223s] Level 1:colcon.colcon_core.package_identification:_identify(.) by extensions ['python_setup_py']
[0.223s] Level 1:colcon.colcon_core.package_identification:_identify(.) by extension 'python_setup_py'
[0.223s] Level 1:colcon.colcon_core.package_identification:_identify(build) by extensions ['ignore', 'ignore_ament_install']
[0.223s] Level 1:colcon.colcon_core.package_identification:_identify(build) by extension 'ignore'
[0.224s] Level 1:colcon.colcon_core.package_identification:_identify(build) ignored
[0.224s] Level 1:colcon.colcon_core.package_identification:_identify(install) by extensions ['ignore', 'ignore_ament_install']
[0.224s] Level 1:colcon.colcon_core.package_identification:_identify(install) by extension 'ignore'
[0.224s] Level 1:colcon.colcon_core.package_identification:_identify(install) ignored
[0.224s] Level 1:colcon.colcon_core.package_identification:_identify(log) by extensions ['ignore', 'ignore_ament_install']
[0.224s] Level 1:colcon.colcon_core.package_identification:_identify(log) by extension 'ignore'
[0.224s] Level 1:colcon.colcon_core.package_identification:_identify(log) ignored
[0.224s] Level 1:colcon.colcon_core.package_identification:_identify(mypkg) by extensions ['ignore', 'ignore_ament_install']
[0.224s] Level 1:colcon.colcon_core.package_identification:_identify(mypkg) by extension 'ignore'
[0.224s] Level 1:colcon.colcon_core.package_identification:_identify(mypkg) by extension 'ignore_ament_install'
[0.224s] Level 1:colcon.colcon_core.package_identification:_identify(mypkg) by extensions ['colcon_pkg']
[0.224s] Level 1:colcon.colcon_core.package_identification:_identify(mypkg) by extension 'colcon_pkg'
[0.225s] Level 1:colcon.colcon_core.package_identification:_identify(mypkg) by extensions ['colcon_meta']
[0.225s] Level 1:colcon.colcon_core.package_identification:_identify(mypkg) by extension 'colcon_meta'
[0.225s] Level 1:colcon.colcon_core.package_identification:_identify(mypkg) by extensions ['ros']
[0.225s] Level 1:colcon.colcon_core.package_identification:_identify(mypkg) by extension 'ros'
[0.225s] Level 1:colcon.colcon_core.package_identification:_identify(mypkg) by extensions ['cmake', 'python']
[0.225s] Level 1:colcon.colcon_core.package_identification:_identify(mypkg) by extension 'cmake'
[0.225s] Level 1:colcon.colcon_core.package_identification:_identify(mypkg) by extension 'python'
[0.225s] Level 1:colcon.colcon_core.package_identification:_identify(mypkg) by extensions ['python_setup_py']
[0.225s] Level 1:colcon.colcon_core.package_identification:_identify(mypkg) by extension 'python_setup_py'
[0.225s] Level 1:colcon.colcon_core.package_identification:_identify(mypkg/include) by extensions ['ignore', 'ignore_ament_install']
[0.225s] Level 1:colcon.colcon_core.package_identification:_identify(mypkg/include) by extension 'ignore'
[0.225s] Level 1:colcon.colcon_core.package_identification:_identify(mypkg/include) by extension 'ignore_ament_install'
[0.225s] Level 1:colcon.colcon_core.package_identification:_identify(mypkg/include) by extensions ['colcon_pkg']
[0.225s] Level 1:colcon.colcon_core.package_identification:_identify(mypkg/include) by extension 'colcon_pkg'
[0.225s] Level 1:colcon.colcon_core.package_identification:_identify(mypkg/include) by extensions ['colcon_meta']
[0.225s] Level 1:colcon.colcon_core.package_identification:_identify(mypkg/include) by extension 'colcon_meta'
[0.225s] Level 1:colcon.colcon_core.package_identification:_identify(mypkg/include) by extensions ['ros']
[0.225s] Level 1:colcon.colcon_core.package_identification:_identify(mypkg/include) by extension 'ros'
[0.225s] Level 1:colcon.colcon_core.package_identification:_identify(mypkg/include) by extensions ['cmake', 'python']
[0.226s] Level 1:colcon.colcon_core.package_identification:_identify(mypkg/include) by extension 'cmake'
[0.226s] Level 1:colcon.colcon_core.package_identification:_identify(mypkg/include) by extension 'python'
[0.226s] Level 1:colcon.colcon_core.package_identification:_identify(mypkg/include) by extensions ['python_setup_py']
[0.226s] Level 1:colcon.colcon_core.package_identification:_identify(mypkg/include) by extension 'python_setup_py'
[0.226s] Level 1:colcon.colcon_core.package_identification:_identify(mypkg/include/mypkg) by extensions ['ignore', 'ignore_ament_install']
[0.226s] Level 1:colcon.colcon_core.package_identification:_identify(mypkg/include/mypkg) by extension 'ignore'
[0.226s] Level 1:colcon.colcon_core.package_identification:_identify(mypkg/include/mypkg) by extension 'ignore_ament_install'
[0.226s] Level 1:colcon.colcon_core.package_identification:_identify(mypkg/include/mypkg) by extensions ['colcon_pkg']
[0.226s] Level 1:colcon.colcon_core.package_identification:_identify(mypkg/include/mypkg) by extension 'colcon_pkg'
[0.226s] Level 1:colcon.colcon_core.package_identification:_identify(mypkg/include/mypkg) by extensions ['colcon_meta']
[0.226s] Level 1:colcon.colcon_core.package_identification:_identify(mypkg/include/mypkg) by extension 'colcon_meta'
[0.226s] Level 1:colcon.colcon_core.package_identification:_identify(mypkg/include/mypkg) by extensions ['ros']
[0.226s] Level 1:colcon.colcon_core.package_identification:_identify(mypkg/include/mypkg) by extension 'ros'
[0.226s] Level 1:colcon.colcon_core.package_identification:_identify(mypkg/include/mypkg) by extensions ['cmake', 'python']
[0.226s] Level 1:colcon.colcon_core.package_identification:_identify(mypkg/include/mypkg) by extension 'cmake'
[0.226s] Level 1:colcon.colcon_core.package_identification:_identify(mypkg/include/mypkg) by extension 'python'
[0.226s] Level 1:colcon.colcon_core.package_identification:_identify(mypkg/include/mypkg) by extensions ['python_setup_py']
[0.226s] Level 1:colcon.colcon_core.package_identification:_identify(mypkg/include/mypkg) by extension 'python_setup_py'
[0.227s] Level 1:colcon.colcon_core.package_identification:_identify(mypkg/src) by extensions ['ignore', 'ignore_ament_install']
[0.227s] Level 1:colcon.colcon_core.package_identification:_identify(mypkg/src) by extension 'ignore'
[0.227s] Level 1:colcon.colcon_core.package_identification:_identify(mypkg/src) by extension 'ignore_ament_install'
[0.227s] Level 1:colcon.colcon_core.package_identification:_identify(mypkg/src) by extensions ['colcon_pkg']
[0.227s] Level 1:colcon.colcon_core.package_identification:_identify(mypkg/src) by extension 'colcon_pkg'
[0.227s] Level 1:colcon.colcon_core.package_identification:_identify(mypkg/src) by extensions ['colcon_meta']
[0.227s] Level 1:colcon.colcon_core.package_identification:_identify(mypkg/src) by extension 'colcon_meta'
[0.227s] Level 1:colcon.colcon_core.package_identification:_identify(mypkg/src) by extensions ['ros']
[0.227s] Level 1:colcon.colcon_core.package_identification:_identify(mypkg/src) by extension 'ros'
[0.230s] DEBUG:colcon.colcon_core.package_identification:Package 'mypkg/src' with type 'ros.ament_cmake' and name 'mypkg'
[0.230s] Level 1:colcon.colcon_core.package_discovery:discover_packages(recursive) using defaults
[0.230s] Level 1:colcon.colcon_core.package_discovery:discover_packages(ignore) discover
[0.230s] Level 1:colcon.colcon_core.package_discovery:discover_packages(ignore) using defaults
[0.230s] Level 1:colcon.colcon_core.package_discovery:discover_packages(path) discover
[0.230s] Level 1:colcon.colcon_core.package_discovery:discover_packages(path) using defaults
[0.253s] Level 1:colcon.colcon_core.package_discovery:discover_packages(prefix_path) check parameters
[0.253s] Level 1:colcon.colcon_core.package_discovery:discover_packages(prefix_path) discover
[0.256s] DEBUG:colcon.colcon_installed_package_information.package_discovery:Found 6 installed packages in /home/nilum-sachithya/ros2_ws/install
[0.257s] DEBUG:colcon.colcon_installed_package_information.package_discovery:Found 285 installed packages in /opt/ros/jazzy
[0.259s] Level 1:colcon.colcon_core.package_discovery:discover_packages(prefix_path) using defaults
[0.309s] Level 5:colcon.colcon_core.verb:set package 'mypkg' build argument 'cmake_args' from command line to 'None'
[0.309s] Level 5:colcon.colcon_core.verb:set package 'mypkg' build argument 'cmake_target' from command line to 'None'
[0.309s] Level 5:colcon.colcon_core.verb:set package 'mypkg' build argument 'cmake_target_skip_unavailable' from command line to 'False'
[0.309s] Level 5:colcon.colcon_core.verb:set package 'mypkg' build argument 'cmake_clean_cache' from command line to 'False'
[0.309s] Level 5:colcon.colcon_core.verb:set package 'mypkg' build argument 'cmake_clean_first' from command line to 'False'
[0.309s] Level 5:colcon.colcon_core.verb:set package 'mypkg' build argument 'cmake_force_configure' from command line to 'False'
[0.309s] Level 5:colcon.colcon_core.verb:set package 'mypkg' build argument 'ament_cmake_args' from command line to 'None'
[0.309s] Level 5:colcon.colcon_core.verb:set package 'mypkg' build argument 'catkin_cmake_args' from command line to 'None'
[0.309s] Level 5:colcon.colcon_core.verb:set package 'mypkg' build argument 'catkin_skip_building_tests' from command line to 'False'
[0.309s] DEBUG:colcon.colcon_core.verb:Building package 'mypkg' with the following arguments: {'ament_cmake_args': None, 'build_base': '/home/nilum-sachithya/ros2_ws/src/build/mypkg', 'catkin_cmake_args': None, 'catkin_skip_building_tests': False, 'cmake_args': None, 'cmake_clean_cache': False, 'cmake_clean_first': False, 'cmake_force_configure': False, 'cmake_target': None, 'cmake_target_skip_unavailable': False, 'install_base': '/home/nilum-sachithya/ros2_ws/src/install/mypkg', 'merge_install': False, 'path': '/home/nilum-sachithya/ros2_ws/src/mypkg/src', 'symlink_install': False, 'test_result_base': None}
[0.309s] INFO:colcon.colcon_core.executor:Executing jobs using 'parallel' executor
[0.310s] DEBUG:colcon.colcon_parallel_executor.executor.parallel:run_until_complete
[0.311s] INFO:colcon.colcon_ros.task.ament_cmake.build:Building ROS package in '/home/nilum-sachithya/ros2_ws/src/mypkg/src' with build type 'ament_cmake'
[0.311s] INFO:colcon.colcon_cmake.task.cmake.build:Building CMake package in '/home/nilum-sachithya/ros2_ws/src/mypkg/src'
[0.313s] INFO:colcon.colcon_core.plugin_system:Skipping extension 'colcon_core.shell.bat': Not used on non-Windows systems
[0.313s] INFO:colcon.colcon_core.shell:Skip shell extension 'powershell' for command environment: Not usable outside of PowerShell
[0.313s] DEBUG:colcon.colcon_core.shell:Skip shell extension 'dsv' for command environment
[0.322s] DEBUG:colcon.colcon_core.event_handler.log_command:Invoking command in '/home/nilum-sachithya/ros2_ws/src/build/mypkg': CMAKE_PREFIX_PATH=${CMAKE_PREFIX_PATH}:/opt/ros/jazzy DEBUGINFOD_URLS=https://debuginfod.ubuntu.com /usr/bin/cmake /home/nilum-sachithya/ros2_ws/src/mypkg/src -DCMAKE_INSTALL_PREFIX=/home/nilum-sachithya/ros2_ws/src/install/mypkg
[1.098s] DEBUG:colcon.colcon_core.event_handler.log_command:Invoked command in '/home/nilum-sachithya/ros2_ws/src/build/mypkg' returned '1': CMAKE_PREFIX_PATH=${CMAKE_PREFIX_PATH}:/opt/ros/jazzy DEBUGINFOD_URLS=https://debuginfod.ubuntu.com /usr/bin/cmake /home/nilum-sachithya/ros2_ws/src/mypkg/src -DCMAKE_INSTALL_PREFIX=/home/nilum-sachithya/ros2_ws/src/install/mypkg
[1.112s] Level 1:colcon.colcon_core.environment:create_environment_scripts_only(mypkg)
[1.115s] Level 1:colcon.colcon_core.environment:checking '/home/nilum-sachithya/ros2_ws/src/install/mypkg' for CMake module files
[1.115s] Level 1:colcon.colcon_core.environment:checking '/home/nilum-sachithya/ros2_ws/src/install/mypkg' for CMake config files
[1.116s] Level 1:colcon.colcon_core.environment:checking '/home/nilum-sachithya/ros2_ws/src/install/mypkg/bin'
[1.116s] Level 1:colcon.colcon_core.environment:checking '/home/nilum-sachithya/ros2_ws/src/install/mypkg/lib/pkgconfig/mypkg.pc'
[1.116s] Level 1:colcon.colcon_core.environment:checking '/home/nilum-sachithya/ros2_ws/src/install/mypkg/lib/python3.12/site-packages'
[1.117s] Level 1:colcon.colcon_core.environment:checking '/home/nilum-sachithya/ros2_ws/src/install/mypkg/bin'
[1.117s] INFO:colcon.colcon_core.shell:Creating package script '/home/nilum-sachithya/ros2_ws/src/install/mypkg/share/mypkg/package.ps1'
[1.118s] INFO:colcon.colcon_core.shell:Creating package descriptor '/home/nilum-sachithya/ros2_ws/src/install/mypkg/share/mypkg/package.dsv'
[1.118s] INFO:colcon.colcon_core.shell:Creating package script '/home/nilum-sachithya/ros2_ws/src/install/mypkg/share/mypkg/package.sh'
[1.119s] INFO:colcon.colcon_core.shell:Creating package script '/home/nilum-sachithya/ros2_ws/src/install/mypkg/share/mypkg/package.bash'
[1.120s] INFO:colcon.colcon_core.shell:Creating package script '/home/nilum-sachithya/ros2_ws/src/install/mypkg/share/mypkg/package.zsh'
[1.120s] Level 1:colcon.colcon_core.environment:create_file_with_runtime_dependencies(/home/nilum-sachithya/ros2_ws/src/install/mypkg/share/colcon-core/packages/mypkg)
[1.131s] DEBUG:colcon.colcon_parallel_executor.executor.parallel:closing loop
[1.131s] DEBUG:colcon.colcon_parallel_executor.executor.parallel:loop closed
[1.131s] DEBUG:colcon.colcon_parallel_executor.executor.parallel:run_until_complete finished with '1'
[1.131s] DEBUG:colcon.colcon_core.event_reactor:joining thread
[1.137s] INFO:colcon.colcon_core.plugin_system:Skipping extension 'colcon_notification.desktop_notification.terminal_notifier': Not used on non-Darwin systems
[1.138s] INFO:colcon.colcon_core.plugin_system:Skipping extension 'colcon_notification.desktop_notification.win32': Not used on non-Windows systems
[1.138s] INFO:colcon.colcon_notification.desktop_notification:Sending desktop notification using 'notify2'
[1.149s] DEBUG:colcon.colcon_core.event_reactor:joined thread
[1.150s] INFO:colcon.colcon_core.shell:Creating prefix script '/home/nilum-sachithya/ros2_ws/src/install/local_setup.ps1'
[1.151s] INFO:colcon.colcon_core.shell:Creating prefix util module '/home/nilum-sachithya/ros2_ws/src/install/_local_setup_util_ps1.py'
[1.152s] INFO:colcon.colcon_core.shell:Creating prefix chain script '/home/nilum-sachithya/ros2_ws/src/install/setup.ps1'
[1.153s] INFO:colcon.colcon_core.shell:Creating prefix script '/home/nilum-sachithya/ros2_ws/src/install/local_setup.sh'
[1.154s] INFO:colcon.colcon_core.shell:Creating prefix util module '/home/nilum-sachithya/ros2_ws/src/install/_local_setup_util_sh.py'
[1.155s] INFO:colcon.colcon_core.shell:Creating prefix chain script '/home/nilum-sachithya/ros2_ws/src/install/setup.sh'
[1.156s] INFO:colcon.colcon_core.shell:Creating prefix script '/home/nilum-sachithya/ros2_ws/src/install/local_setup.bash'
[1.157s] INFO:colcon.colcon_core.shell:Creating prefix chain script '/home/nilum-sachithya/ros2_ws/src/install/setup.bash'
[1.158s] INFO:colcon.colcon_core.shell:Creating prefix script '/home/nilum-sachithya/ros2_ws/src/install/local_setup.zsh'
[1.158s] INFO:colcon.colcon_core.shell:Creating prefix chain script '/home/nilum-sachithya/ros2_ws/src/install/setup.zsh'
